#
# There is insufficient memory for the Java Runtime Environment to continue.
# Native memory allocation (mmap) failed to map 4161536 bytes for G1 virtual space
# Possible reasons:
#   The system is out of physical RAM or swap space
#   The process is running with CompressedOops enabled, and the Java Heap may be blocking the growth of the native heap
# Possible solutions:
#   Reduce memory load on the system
#   Increase physical memory or swap space
#   Check if swap backing store is full
#   Decrease Java heap size (-Xmx/-Xms)
#   Decrease number of Java threads
#   Decrease Java thread stack sizes (-Xss)
#   Set larger code cache with -XX:ReservedCodeCacheSize=
#   JVM is running with Zero Based Compressed Oops mode in which the Java heap is
#     placed in the first 32GB address space. The Java Heap base address is the
#     maximum limit for the native heap growth. Please use -XX:HeapBaseMinAddress
#     to set the Java Heap base and to place the Java Heap above 32GB virtual address.
# This output file may be truncated or incomplete.
#
#  Out of Memory Error (os_windows.cpp:3604), pid=24652, tid=6232
#
# JRE version:  (21.0.11+9) (build )
# Java VM: Java HotSpot(TM) 64-Bit Server VM (21.0.11+9-LTS-211, mixed mode, sharing, tiered, compressed oops, compressed class ptrs, g1 gc, windows-amd64)
# No core dump will be written. Minidumps are not enabled by default on client versions of Windows
#

---------------  S U M M A R Y ------------

Command Line: appearsOnlyOnce

Host: Intel(R) Core(TM) i7-1065G7 CPU @ 1.30GHz, 8 cores, 15G,  Windows 11 , 64 bit Build 26100 (10.0.26100.8328)
Time: Sun May 24 03:29:02 2026 India Standard Time elapsed time: 1.958423 seconds (0d 0h 0m 1s)

---------------  T H R E A D  ---------------

Current thread (0x0000028cccbfa900):  JavaThread "Unknown thread" [_thread_in_vm, id=6232, stack(0x000000f810600000,0x000000f810700000) (1024K)]

Stack: [0x000000f810600000,0x000000f810700000]
Native frames: (J=compiled Java code, j=interpreted, Vv=VM code, C=native code)
V  [jvm.dll+0x6d0ef9]
V  [jvm.dll+0x860126]
V  [jvm.dll+0x86261e]
V  [jvm.dll+0x862cf3]
V  [jvm.dll+0x282bc6]
V  [jvm.dll+0x6cd7a5]
V  [jvm.dll+0x6c232a]
V  [jvm.dll+0x35bfb8]
V  [jvm.dll+0x363c76]
V  [jvm.dll+0x3b4da3]
V  [jvm.dll+0x3b5038]
V  [jvm.dll+0x32fa6c]
V  [jvm.dll+0x3305c1]
V  [jvm.dll+0x82a10e]
V  [jvm.dll+0x3c1d21]
V  [jvm.dll+0x812fda]
V  [jvm.dll+0x454701]
V  [jvm.dll+0x456151]
C  [jli.dll+0x5310]
C  [ucrtbase.dll+0x37b0]
C  [KERNEL32.DLL+0x2e957]
C  [ntdll.dll+0x427c]


---------------  P R O C E S S  ---------------

Threads class SMR info:
_java_thread_list=0x00007ffd80879c88, length=0, elements={
}

Java Threads: ( => current thread )
Total: 0

Other Threads:
  0x0000028ccefe9ea0 WorkerThread "GC Thread#0"                     [id=10420, stack(0x000000f810700000,0x000000f810800000) (1024K)]
  0x0000028cceffaad0 ConcurrentGCThread "G1 Main Marker"            [id=25644, stack(0x000000f810800000,0x000000f810900000) (1024K)]
  0x0000028cceffbdf0 WorkerThread "G1 Conc#0"                       [id=23396, stack(0x000000f810900000,0x000000f810a00000) (1024K)]

[error occurred during error reporting (printing all threads), id 0xc0000005, EXCEPTION_ACCESS_VIOLATION (0xc0000005) at pc=0x00007ffd7ffe26f7]
VM state: not at safepoint (not fully initialized)

VM Mutex/Monitor currently owned by a thread:  ([mutex/lock_event])
[0x00007ffd808eb050] Heap_lock - owner thread: 0x0000028cccbfa900

Heap address: 0x0000000703c00000, size: 4036 MB, Compressed Oops mode: Zero based, Oop shift amount: 3

CDS archive(s) mapped at: [0x0000000000000000-0x0000000000000000-0x0000000000000000), size 0, SharedBaseAddress: 0x0000000800000000, ArchiveRelocationMode: 1.
Narrow klass base: 0x0000000000000000, Narrow klass shift: 0, Narrow klass range: 0x0

GC Precious Log:
 CardTable entry size: 512
 Card Set container configuration: InlinePtr #cards 4 size 8 Array Of Cards #cards 16 size 48 Howl #buckets 8 coarsen threshold 3686 Howl Bitmap #cards 512 size 80 coarsen threshold 460 Card regions per heap region 1 cards per card region 4096

Heap:
 garbage-first heap   total 0K, used 0K [0x0000000703c00000, 0x0000000800000000)
  region size 2048K, 0 young (0K), 0 survivors (0K)

[error occurred during error reporting (printing heap information), id 0xc0000005, EXCEPTION_ACCESS_VIOLATION (0xc0000005) at pc=0x00007ffd803cafd9]
GC Heap History (0 events):
No events

Dll operation events (1 events):
Event: 0.009 Loaded shared library C:\Program Files\Java\jdk-21.0.11\bin\java.dll

Deoptimization events (0 events):
No events

Classes loaded (0 events):
No events

Classes unloaded (0 events):
No events

Classes redefined (0 events):
No events

Internal exceptions (0 events):
No events

ZGC Phase Switch (0 events):
No events

VM Operations (0 events):
No events

Events (0 events):
No events


Dynamic libraries:
0x00007ff7d45d0000 - 0x00007ff7d45e0000 	C:\Program Files\Java\jdk-21.0.11\bin\java.exe
0x00007ffe399a0000 - 0x00007ffe39c07000 	C:\WINDOWS\SYSTEM32\ntdll.dll
0x00007ffe38920000 - 0x00007ffe389e9000 	C:\WINDOWS\System32\KERNEL32.DLL
0x00007ffe37110000 - 0x00007ffe37507000 	C:\WINDOWS\System32\KERNELBASE.dll
0x00007ffe36fc0000 - 0x00007ffe3710b000 	C:\WINDOWS\System32\ucrtbase.dll
0x00007ffe1cee0000 - 0x00007ffe1cefe000 	C:\Program Files\Java\jdk-21.0.11\bin\VCRUNTIME140.dll
0x00007ffe1c520000 - 0x00007ffe1c539000 	C:\Program Files\Java\jdk-21.0.11\bin\jli.dll
0x00007ffe38cd0000 - 0x00007ffe38d86000 	C:\WINDOWS\System32\ADVAPI32.dll
0x00007ffe38790000 - 0x00007ffe38839000 	C:\WINDOWS\System32\msvcrt.dll
0x00007ffe38c20000 - 0x00007ffe38cc7000 	C:\WINDOWS\System32\sechost.dll
0x00007ffe38a00000 - 0x00007ffe38b18000 	C:\WINDOWS\System32\RPCRT4.dll
0x00007ffe37a40000 - 0x00007ffe37c06000 	C:\WINDOWS\System32\USER32.dll
0x00007ffe36db0000 - 0x00007ffe36dd7000 	C:\WINDOWS\System32\win32u.dll
0x00007ffe37830000 - 0x00007ffe3785b000 	C:\WINDOWS\System32\GDI32.dll
0x00007ffe36e90000 - 0x00007ffe36fbc000 	C:\WINDOWS\System32\gdi32full.dll
0x00007ffe20a50000 - 0x00007ffe20ce2000 	C:\WINDOWS\WinSxS\amd64_microsoft.windows.common-controls_6595b64144ccf1df_6.0.26100.8457_none_3e0b2faee331e92d\COMCTL32.dll
0x00007ffe36c40000 - 0x00007ffe36ce3000 	C:\WINDOWS\System32\msvcp_win.dll
0x00007ffe28fd0000 - 0x00007ffe28fdb000 	C:\WINDOWS\SYSTEM32\VERSION.dll
0x00007ffe391a0000 - 0x00007ffe391d2000 	C:\WINDOWS\System32\IMM32.DLL
0x00007ffe1d8c0000 - 0x00007ffe1d8cc000 	C:\Program Files\Java\jdk-21.0.11\bin\vcruntime140_1.dll
0x00007ffdac7d0000 - 0x00007ffdac85d000 	C:\Program Files\Java\jdk-21.0.11\bin\msvcp140.dll
0x00007ffd7fca0000 - 0x00007ffd809c8000 	C:\Program Files\Java\jdk-21.0.11\bin\server\jvm.dll
0x00007ffe38700000 - 0x00007ffe38780000 	C:\WINDOWS\System32\WS2_32.dll
0x00007ffe30680000 - 0x00007ffe306b6000 	C:\WINDOWS\SYSTEM32\WINMM.dll
0x00007ffe36230000 - 0x00007ffe3628e000 	C:\WINDOWS\SYSTEM32\POWRPROF.dll
0x00007ffe36210000 - 0x00007ffe36224000 	C:\WINDOWS\SYSTEM32\UMPDC.dll
0x00007ffe350a0000 - 0x00007ffe350bb000 	C:\WINDOWS\SYSTEM32\kernel.appcore.dll
0x00007ffe1be20000 - 0x00007ffe1be2a000 	C:\Program Files\Java\jdk-21.0.11\bin\jimage.dll
0x00007ffe31260000 - 0x00007ffe314a2000 	C:\WINDOWS\SYSTEM32\DBGHELP.DLL
0x00007ffe38d90000 - 0x00007ffe39113000 	C:\WINDOWS\System32\combase.dll
0x00007ffe38510000 - 0x00007ffe385e9000 	C:\WINDOWS\System32\OLEAUT32.dll
0x00007ffe30640000 - 0x00007ffe3067b000 	C:\WINDOWS\SYSTEM32\dbgcore.DLL
0x00007ffe36de0000 - 0x00007ffe36e88000 	C:\WINDOWS\System32\bcryptPrimitives.dll
0x00007ffe0c490000 - 0x00007ffe0c4b1000 	C:\Program Files\Java\jdk-21.0.11\bin\java.dll

dbghelp: loaded successfully - version: 4.0.5 - missing functions: none
symbol engine: initialized successfully - sym options: 0x614 - pdb path: .;C:\Program Files\Java\jdk-21.0.11\bin;C:\WINDOWS\SYSTEM32;C:\WINDOWS\WinSxS\amd64_microsoft.windows.common-controls_6595b64144ccf1df_6.0.26100.8457_none_3e0b2faee331e92d;C:\Program Files\Java\jdk-21.0.11\bin\server

VM Arguments:
java_command: appearsOnlyOnce
java_class_path (initial): .
Launcher Type: SUN_STANDARD

[Global flags]
     intx CICompilerCount                          = 4                                         {product} {ergonomic}
     uint ConcGCThreads                            = 2                                         {product} {ergonomic}
     uint G1ConcRefinementThreads                  = 8                                         {product} {ergonomic}
   size_t G1HeapRegionSize                         = 2097152                                   {product} {ergonomic}
    uintx GCDrainStackTargetSize                   = 64                                        {product} {ergonomic}
   size_t InitialHeapSize                          = 266338304                                 {product} {ergonomic}
   size_t MarkStackSize                            = 4194304                                   {product} {ergonomic}
   size_t MaxHeapSize                              = 4232052736                                {product} {ergonomic}
   size_t MinHeapDeltaBytes                        = 2097152                                   {product} {ergonomic}
   size_t MinHeapSize                              = 8388608                                   {product} {ergonomic}
    uintx NonNMethodCodeHeapSize                   = 5839372                                {pd product} {ergonomic}
    uintx NonProfiledCodeHeapSize                  = 122909434                              {pd product} {ergonomic}
    uintx ProfiledCodeHeapSize                     = 122909434                              {pd product} {ergonomic}
    uintx ReservedCodeCacheSize                    = 251658240                              {pd product} {ergonomic}
     bool SegmentedCodeCache                       = true                                      {product} {ergonomic}
   size_t SoftMaxHeapSize                          = 4232052736                             {manageable} {ergonomic}
     bool UseCompressedOops                        = true                           {product lp64_product} {ergonomic}
     bool UseG1GC                                  = true                                      {product} {ergonomic}
     bool UseLargePagesIndividualAllocation        = false                                  {pd product} {ergonomic}

Logging:
Log output configuration:
 #0: stdout all=warning uptime,level,tags foldmultilines=false
 #1: stderr all=off uptime,level,tags foldmultilines=false

Environment Variables:
PATH=C:\Users\kisha\AppData\Local\Programs\Microsoft VS Code;C:\Program Files\Common Files\Oracle\Java\javapath;C:\Windows\system32;C:\Windows;C:\Windows\System32\Wbem;C:\Windows\System32\WindowsPowerShell\v1.0\;C:\Windows\System32\OpenSSH\;C:\Program Files (x86)\NVIDIA Corporation\PhysX\Common;C:\Program Files\NVIDIA Corporation\NVIDIA NvDLISR;C:\WINDOWS\system32;C:\WINDOWS;C:\WINDOWS\System32\Wbem;C:\WINDOWS\System32\WindowsPowerShell\v1.0\;C:\WINDOWS\System32\OpenSSH\;C:\Program Files\nodejs\;C:\Program Files\Git\cmd;C:\Users\kisha\AppData\Local\Microsoft\WindowsApps;C:\Users\kisha\AppData\Local\Programs\Microsoft VS Code\bin;C:\Users\kisha\AppData\Roaming\npm;C:\Program Files\JetBrains\IntelliJ IDEA 2026.1.1\bin;C:\Program Files\JetBrains\IntelliJ IDEA 2026.1.1\bin;C:\Program Files\Java\jdk-21.0.11\bin;C:\Users\kisha\.local\bin;c:\Users\kisha\.vscode\extensions\vscjava.vscode-java-debug-0.59.0\bundled\scripts\noConfigScripts
USERNAME=kisha
LANG=en_US.UTF-8
OS=Windows_NT
PROCESSOR_IDENTIFIER=Intel64 Family 6 Model 126 Stepping 5, GenuineIntel
TMP=C:\Users\kisha\AppData\Local\Temp
TEMP=C:\Users\kisha\AppData\Local\Temp




Periodic native trim disabled

---------------  S Y S T E M  ---------------

OS:
 Windows 11 , 64 bit Build 26100 (10.0.26100.8328)
OS uptime: 1 days 0:14 hours
Hyper-V role detected

CPU: total 8 (initial active 8) (4 cores per cpu, 2 threads per core) family 6 model 126 stepping 5 microcode 0x86, cx8, cmov, fxsr, ht, mmx, 3dnowpref, sse, sse2, sse3, ssse3, sse4.1, sse4.2, popcnt, lzcnt, tsc, tscinvbit, avx, avx2, aes, erms, clmul, bmi1, bmi2, adx, avx512f, avx512dq, avx512cd, avx512bw, avx512vl, sha, fma, vzeroupper, avx512_vpopcntdq, avx512_vpclmulqdq, avx512_vaes, avx512_vnni, clflush, clflushopt, avx512_vbmi2, avx512_vbmi, hv, rdtscp, rdpid, fsrm, gfni, avx512_bitalg, f16c, avx512_ifma
Processor Information for all 8 processors :
  Max Mhz: 1498, Current Mhz: 1298, Mhz Limit: 1288

Memory: 4k page, system-wide physical 16137M (3286M free)
TotalPageFile size 16137M (AvailPageFile size 18M)
current process WorkingSet (physical memory assigned to process): 13M, peak: 13M
current process commit charge ("private bytes"): 315M, peak: 319M

vm_info: Java HotSpot(TM) 64-Bit Server VM (21.0.11+9-LTS-211) for windows-amd64 JRE (21.0.11+9-LTS-211), built on 2026-03-11T00:23:15Z by "mach5run" with MS VC++ 17.13 (VS2022)

END.
